[0m06:13:10.598574 [debug] [MainThread]: Sending event: {'category': 'dbt', 'action': 'invocation', 'label': 'start', 'context': [<snowplow_tracker.self_describing_json.SelfDescribingJson object at 0x0000022095035E80>, <snowplow_tracker.self_describing_json.SelfDescribingJson object at 0x0000022091D9EFD0>, <snowplow_tracker.self_describing_json.SelfDescribingJson object at 0x0000022097437B10>]}


============================== 06:13:10.602202 | e942b80f-d760-4484-baa8-adda5802b309 ==============================
[0m06:13:10.602202 [info ] [MainThread]: Running with dbt=1.11.12
[0m06:13:10.602969 [debug] [MainThread]: running dbt with arguments {'version_check': 'True', 'no_print': 'None', 'static_parser': 'True', 'target_path': 'None', 'warn_error_options': 'WarnErrorOptionsV2(error=[], warn=[], silence=[])', 'printer_width': '80', 'write_json': 'True', 'introspect': 'True', 'log_cache_events': 'False', 'empty': 'None', 'cache_selected_only': 'False', 'log_format': 'default', 'debug': 'False', 'fail_fast': 'False', 'profiles_dir': 'C:\\Users\\Samsung\\.dbt', 'send_anonymous_usage_stats': 'True', 'quiet': 'False', 'warn_error': 'None', 'partial_parse': 'True', 'invocation_command': 'dbt debug', 'use_colors': 'True', 'indirect_selection': 'eager', 'use_experimental_parser': 'False', 'log_path': 'C:\\Users\\Samsung\\Documents\\projeto_final_ia\\projeto_final\\logs'}
[0m06:13:10.613286 [info ] [MainThread]: dbt version: 1.11.12
[0m06:13:10.613797 [info ] [MainThread]: python version: 3.13.5
[0m06:13:10.614249 [info ] [MainThread]: python path: D:\python\python.exe
[0m06:13:10.614527 [info ] [MainThread]: os info: Windows-11-10.0.26200-SP0
[0m06:13:11.183753 [debug] [MainThread]: Snowflake adapter: Setting snowflake.connector to ERROR (file logging only)
[0m06:13:11.184195 [debug] [MainThread]: Snowflake adapter: Setting botocore to ERROR (file logging only)
[0m06:13:11.184455 [debug] [MainThread]: Snowflake adapter: Setting boto3 to ERROR (file logging only)
[0m06:13:11.240794 [info ] [MainThread]: Using profiles dir at C:\Users\Samsung\.dbt
[0m06:13:11.241554 [info ] [MainThread]: Using profiles.yml file at C:\Users\Samsung\.dbt\profiles.yml
[0m06:13:11.242261 [info ] [MainThread]: Using dbt_project.yml file at C:\Users\Samsung\Documents\projeto_final_ia\projeto_final\dbt_project.yml
[0m06:13:11.243207 [info ] [MainThread]: adapter type: snowflake
[0m06:13:11.243671 [info ] [MainThread]: adapter version: 1.11.6
[0m06:13:11.339789 [info ] [MainThread]: Configuration:
[0m06:13:11.340608 [info ] [MainThread]:   profiles.yml file [[32mOK found and valid[0m]
[0m06:13:11.341187 [info ] [MainThread]:   dbt_project.yml file [[32mOK found and valid[0m]
[0m06:13:11.341705 [info ] [MainThread]: Required dependencies:
[0m06:13:11.343624 [debug] [MainThread]: Executing "git --help"
[0m06:13:11.380770 [debug] [MainThread]: STDOUT: "b"usage: git [-v | --version] [-h | --help] [-C <path>] [-c <name>=<value>]\n           [--exec-path[=<path>]] [--html-path] [--man-path] [--info-path]\n           [-p | --paginate | -P | --no-pager] [--no-replace-objects] [--no-lazy-fetch]\n           [--no-optional-locks] [--no-advice] [--bare] [--git-dir=<path>]\n           [--work-tree=<path>] [--namespace=<name>] [--config-env=<name>=<envvar>]\n           <command> [<args>]\n\nThese are common Git commands used in various situations:\n\nstart a working area (see also: git help tutorial)\n   clone      Clone a repository into a new directory\n   init       Create an empty Git repository or reinitialize an existing one\n\nwork on the current change (see also: git help everyday)\n   add        Add file contents to the index\n   mv         Move or rename a file, a directory, or a symlink\n   restore    Restore working tree files\n   rm         Remove files from the working tree and from the index\n\nexamine the history and state (see also: git help revisions)\n   bisect     Use binary search to find the commit that introduced a bug\n   diff       Show changes between commits, commit and working tree, etc\n   grep       Print lines matching a pattern\n   log        Show commit logs\n   show       Show various types of objects\n   status     Show the working tree status\n\ngrow, mark and tweak your common history\n   backfill   Download missing objects in a partial clone\n   branch     List, create, or delete branches\n   commit     Record changes to the repository\n   merge      Join two or more development histories together\n   rebase     Reapply commits on top of another base tip\n   reset      Reset current HEAD to the specified state\n   switch     Switch branches\n   tag        Create, list, delete or verify a tag object signed with GPG\n\ncollaborate (see also: git help workflows)\n   fetch      Download objects and refs from another repository\n   pull       Fetch from and integrate with another repository or a local branch\n   push       Update remote refs along with associated objects\n\n'git help -a' and 'git help -g' list available subcommands and some\nconcept guides. See 'git help <command>' or 'git help <concept>'\nto read about a specific subcommand or concept.\nSee 'git help git' for an overview of the system.\n""
[0m06:13:11.381285 [debug] [MainThread]: STDERR: "b''"
[0m06:13:11.381683 [info ] [MainThread]:  - git [[32mOK found[0m]

[0m06:13:11.382077 [info ] [MainThread]: Connection:
[0m06:13:11.382556 [info ] [MainThread]:   account: SFEDU02-GFB24387
[0m06:13:11.382874 [info ] [MainThread]:   user: GOPHER
[0m06:13:11.383161 [info ] [MainThread]:   database: PROJETO_FINAL_IA
[0m06:13:11.383621 [info ] [MainThread]:   warehouse: GOPHER_WH
[0m06:13:11.384334 [info ] [MainThread]:   role: TRAINING_ROLE
[0m06:13:11.384750 [info ] [MainThread]:   schema: STAGING
[0m06:13:11.385118 [info ] [MainThread]:   authenticator: username_password_mfa
[0m06:13:11.385592 [info ] [MainThread]:   oauth_client_id: None
[0m06:13:11.386075 [info ] [MainThread]:   query_tag: None
[0m06:13:11.386448 [info ] [MainThread]:   client_session_keep_alive: True
[0m06:13:11.386791 [info ] [MainThread]:   host: None
[0m06:13:11.387071 [info ] [MainThread]:   port: None
[0m06:13:11.387321 [info ] [MainThread]:   proxy_host: None
[0m06:13:11.387698 [info ] [MainThread]:   proxy_port: None
[0m06:13:11.388231 [info ] [MainThread]:   protocol: None
[0m06:13:11.388713 [info ] [MainThread]:   connect_retries: 1
[0m06:13:11.389179 [info ] [MainThread]:   connect_timeout: None
[0m06:13:11.390117 [info ] [MainThread]:   retry_on_database_errors: False
[0m06:13:11.390864 [info ] [MainThread]:   retry_all: False
[0m06:13:11.391426 [info ] [MainThread]:   insecure_mode: False
[0m06:13:11.392077 [info ] [MainThread]:   reuse_connections: None
[0m06:13:11.392657 [info ] [MainThread]:   s3_stage_vpce_dns_name: None
[0m06:13:11.393256 [info ] [MainThread]:   platform_detection_timeout_seconds: 0.0
[0m06:13:11.394091 [info ] [MainThread]: Registered adapter: snowflake=1.11.6
[0m06:13:11.595565 [debug] [MainThread]: Acquiring new snowflake connection 'debug'
[0m06:13:11.624882 [debug] [MainThread]: Using snowflake connection "debug"
[0m06:13:11.625217 [debug] [MainThread]: On debug: select 1 as id
[0m06:13:11.625459 [debug] [MainThread]: Opening a new connection, currently in state init
[0m06:13:13.331511 [debug] [MainThread]: SQL status: SUCCESS 1 in 1.706 seconds
[0m06:13:13.332509 [debug] [MainThread]: On debug: Close
[0m06:13:13.857576 [info ] [MainThread]:   Connection test: [[32mOK connection ok[0m]

[0m06:13:13.858145 [info ] [MainThread]: [32mAll checks passed![0m
[0m06:13:13.859680 [debug] [MainThread]: Command `dbt debug` succeeded at 06:13:13.859544 after 3.52 seconds
[0m06:13:13.860022 [debug] [MainThread]: Connection 'debug' was properly closed.
[0m06:13:13.860307 [debug] [MainThread]: Sending event: {'category': 'dbt', 'action': 'invocation', 'label': 'end', 'context': [<snowplow_tracker.self_describing_json.SelfDescribingJson object at 0x000002209B461A70>, <snowplow_tracker.self_describing_json.SelfDescribingJson object at 0x000002209B3DA9F0>, <snowplow_tracker.self_describing_json.SelfDescribingJson object at 0x00000220974787C0>]}
[0m06:13:13.860689 [debug] [MainThread]: Flushing usage events
[0m06:13:14.883763 [debug] [MainThread]: An error was encountered while trying to flush usage events
